../Core/Src/main.c:96:6:reset_inputs	16	static
../Core/Src/main.c:101:6:read_inputs	16	static
../Core/Src/main.c:117:9:find_max	24	static
../Core/Src/main.c:154:5:main	24	static
../Core/Src/main.c:237:6:SystemClock_Config	88	static
../Core/Src/main.c:284:13:MX_TIM1_Init	40	static
../Core/Src/main.c:331:13:MX_USART2_UART_Init	8	static
../Core/Src/main.c:379:13:MX_USART3_UART_Init	8	static
../Core/Src/main.c:427:13:MX_GPIO_Init	48	static
../Core/Src/main.c:471:6:Error_Handler	4	static,ignoring_inline_asm
